// Jest Snapshot v1, https://goo.gl/fbAQLP

exports[`OptionContainer should render properly 1`] = `
.c0 {
  box-sizing: border-box;
  margin-left: auto;
  margin-right: auto;
  padding-left: 16px;
  padding-right: 16px;
  max-width: 1440px;
  position: relative;
  width: 100%;
  height: 55px;
  display: -webkit-box;
  display: -webkit-flex;
  display: -ms-flexbox;
  display: flex;
  padding: 4px;
  -webkit-align-content: center;
  -ms-flex-line-pack: center;
  align-content: center;
  -webkit-align-items: center;
  -webkit-box-align: center;
  -ms-flex-align: center;
  align-items: center;
  border-bottom: 1px solid #999;
  pointer-events: auto !important;
}

.c0 input {
  height: 35px;
  font-size: 1.2rem !important;
  width: 80px;
}

.c0 input:focus {
  outline: none;
}

@media (min-width:768px) {
  .c0 {
    padding-left: 32px;
    padding-right: 32px;
  }
}

<OptionContainer
  theme={
    Object {
      "breakpoints": Array [
        400,
        768,
        1024,
        1280,
        1920,
      ],
      "button": Object {
        "borderRadius": Object {
          "lg": 0,
          "xl": 0,
          "xs": 0,
        },
        "padding": Object {
          "lg": Array [
            12,
            28,
          ],
          "xl": Array [
            14,
            32,
          ],
        },
      },
      "input": Object {
        "borderRadius": Object {
          "default": 0,
          "lg": 0,
          "xl": 0,
          "xs": 0,
        },
      },
      "palette": Object {
        "actionColor": "#66b4e5",
        "appColor": "#00b4d5",
        "borderColor": "rgb(204, 204, 204)",
        "defaultIconColor": "#444",
        "defaultTextColor": "#555",
        "inputBackgroundColor": "#fff",
        "primary": "#00b4d5",
        "secondary": "#88e4f5",
      },
      "sizes": Object {
        "borderColor": "rgb(204, 204, 204)",
        "controlHeight": 55,
        "inputFontSize": "1.5rem",
        "inputMinWidth": 150,
        "rowHeight": 70,
      },
    }
  }
  verticalPadding={false}
>
  <div
    className="c0"
  />
</OptionContainer>
`;
