// Jest Snapshot v1, https://goo.gl/fbAQLP

exports[`Spacer should render properly 1`] = `
.c0 {
  visibility: visible;
}

@media (min-width:400px) {
  .c0 {
    display: none !important;
  }
}

@media (min-width:768px) {
  .c0 {
    display: none !important;
  }
}

@media (min-width:1024px) {
  .c0 {
    display: -webkit-box !important;
    display: -webkit-flex !important;
    display: -ms-flexbox !important;
    display: flex !important;
  }
}

@media (min-width:1280px) {
  .c0 {
    display: none !important;
  }
}

<Spacer
  theme={
    Object {
      "breakpoints": Array [
        400,
        768,
        1024,
        1280,
        1920,
      ],
      "button": Object {
        "borderRadius": Object {
          "lg": 0,
          "xl": 0,
          "xs": 0,
        },
        "padding": Object {
          "lg": Array [
            12,
            28,
          ],
          "xl": Array [
            14,
            32,
          ],
        },
      },
      "input": Object {
        "borderRadius": Object {
          "default": 0,
          "lg": 0,
          "xl": 0,
          "xs": 0,
        },
      },
      "palette": Object {
        "actionColor": "#66b4e5",
        "appColor": "#00b4d5",
        "borderColor": "rgb(204, 204, 204)",
        "defaultIconColor": "#444",
        "defaultTextColor": "#555",
        "inputBackgroundColor": "#fff",
        "primary": "#00b4d5",
        "secondary": "#88e4f5",
      },
      "sizes": Object {
        "borderColor": "rgb(204, 204, 204)",
        "controlHeight": 55,
        "inputFontSize": "1.5rem",
        "inputMinWidth": 150,
        "rowHeight": 70,
      },
    }
  }
>
  <li
    className="c0"
  />
</Spacer>
`;
